This is pdfTeX, Version 3.141592653-2.6-1.40.27 (TeX Live 2026/dev/Arch Linux) (preloaded format=pdflatex 2026.1.1)  1 JAN 2026 22:57
entering extended mode
 restricted \write18 enabled.
 %&-line parsing enabled.
**Andreas_Tzitzikas_Resume_c.pdf
(./Andreas_Tzitzikas_Resume_c.pdf
LaTeX2e <2024-11-01> patch level 2
L3 programming layer <2025-01-18>

! LaTeX Error: Missing \begin{document}.

See the LaTeX manual or LaTeX Companion for explanation.
Type  H <return>  for immediate help.
 ...                                              
                                                  
l.3 8
      0 obj
? 
! Emergency stop.
 ...                                              
                                                  
l.3 8
      0 obj
You're in trouble here.  Try typing  <return>  to proceed.
If that doesn't work, type  X <return>  to quit.

 
Here is how much of TeX's memory you used:
 15 strings out of 475171
 572 string characters out of 5767096
 386848 words of memory out of 5000000
 23111 multiletter control sequences out of 15000+600000
 558837 words of font info for 36 fonts, out of 8000000 for 9000
 14 hyphenation exceptions out of 8191
 15i,0n,18p,73b,14s stack positions out of 10000i,1000n,20000p,200000b,200000s
!  ==> Fatal error occurred, no output PDF file produced!
